Conflict: rule/attack.shortbow -> keeping generated, ignoring legacy-data
Conflict: rule/attack.shortsword -> keeping generated, ignoring legacy-data
Effect on Hero begins
Hero ignites Hero (burning)
Hero starts burning
HP: Hero=10; monsters=[Goblin:7]
Hero takes 2 ongoing damage
Hero takes 2 ongoing damage
Hero takes 2 ongoing damage
Effect on Hero ends
Summary: rounds=4; alive=['Hero', 'Goblin']; dead=[]; stable=[]
XP awarded: 50 total -> 50 each to 1 PC(s).
Loot: +10 gp, items={'potion_healing': 1, 'ammo_arrows': 20}