Conflict: rule/attack.shortbow -> keeping generated, ignoring legacy-data
Conflict: rule/attack.shortsword -> keeping generated, ignoring legacy-data
Hero ignites Hero (burning)
Hero starts burning
Effect on Hero begins
HP: Hero=10; monsters=[Goblin:6]
Hero takes 2 ongoing damage
Not found verb: "end"
Hero takes 2 ongoing damage
Not found verb: "end"
Hero takes 2 ongoing damage
Effect on Hero ends
Not found verb: "end"
Summary: rounds=4; alive=['Hero', 'Goblin']; dead=[]; stable=[]
